Correlation Matrix:
          HS300      SZ50     ZZ500
HS300  1.000000  0.953692  0.855021
SZ50   0.953692  1.000000  0.712658
ZZ500  0.855021  0.712658  1.000000

Correlation Matrix:
          HS300      SZ50     ZZ500
HS300  1.000000  0.953692  0.855021
SZ50   0.953692  1.000000  0.712658
ZZ500  0.855021  0.712658  1.000000

Base Knock-out rate: 29.44%

Base Average final yield (non-knock-out): 1.69%

Base Overall average yield: 1.87%

Vega Sensitivity Results:
    Scale  Avg Yield      Vega
0    0.70   0.019902 -0.328469
1    0.75   0.019945 -0.408595
2    0.80   0.019804 -0.451651
3    0.85   0.019539 -0.454502
4    0.90   0.019294 -0.477145
5    0.95   0.018914 -0.319182
6    1.00   0.018724  0.000000
7    1.05   0.018431 -0.489034
8    1.10   0.018144 -0.484465
9    1.15   0.018068 -0.365810
10   1.20   0.018030 -0.290109
11   1.25   0.017655 -0.357633
12   1.30   0.017559 -0.324857

Convergence Results:
         N   KO Rate  Avg Yield  Std Err KO  Std Err Yield
0    10000  0.297200   0.018309    0.004570       0.000295
1    50000  0.295800   0.018776    0.002041       0.000153
2   100000  0.294380   0.018724    0.001441       0.000094
3   200000  0.294585   0.018675    0.001019       0.000071
4   500000  0.293736   0.018739    0.000644       0.000042
5  1000000  0.292919   0.018745    0.000455       0.000041

VaR (95%): -0.00%

ES (95%): -0.00%